// Jest Snapshot v1, https://goo.gl/fbAQLP

exports[`Test Table component should render Table if isVisible prop is true 1`] = `
<div
  className="sc-bdnxRM fYImHF"
>
  <h1>
    Table
  </h1>
  <table>
    <thead>
      <tr>
        <th>
          Month
        </th>
        <th>
          Good
        </th>
        <th>
          Median
        </th>
        <th>
          Bad
        </th>
      </tr>
    </thead>
    <tbody>
      <tr>
        <td>
          0
        </td>
        <td>
          €212.16
        </td>
        <td>
          €210.01
        </td>
        <td>
          €207.88
        </td>
      </tr>
      <tr>
        <td>
          1
        </td>
        <td>
          €416.18
        </td>
        <td>
          €410.21
        </td>
        <td>
          €404.33
        </td>
      </tr>
      <tr>
        <td>
          2
        </td>
        <td>
          €621.50
        </td>
        <td>
          €610.61
        </td>
        <td>
          €599.91
        </td>
      </tr>
      <tr>
        <td>
          3
        </td>
        <td>
          €827.93
        </td>
        <td>
          €811.20
        </td>
        <td>
          €794.80
        </td>
      </tr>
      <tr>
        <td>
          4
        </td>
        <td>
          €1,035.35
        </td>
        <td>
          €1,011.98
        </td>
        <td>
          €989.14
        </td>
      </tr>
      <tr>
        <td>
          5
        </td>
        <td>
          €1,243.68
        </td>
        <td>
          €1,212.96
        </td>
        <td>
          €1,183.00
        </td>
      </tr>
      <tr>
        <td>
          6
        </td>
        <td>
          €1,452.86
        </td>
        <td>
          €1,414.14
        </td>
        <td>
          €1,376.45
        </td>
      </tr>
      <tr>
        <td>
          7
        </td>
        <td>
          €1,662.84
        </td>
        <td>
          €1,615.50
        </td>
        <td>
          €1,569.52
        </td>
      </tr>
      <tr>
        <td>
          8
        </td>
        <td>
          €1,873.58
        </td>
        <td>
          €1,817.07
        </td>
        <td>
          €1,762.25
        </td>
      </tr>
      <tr>
        <td>
          9
        </td>
        <td>
          €2,085.07
        </td>
        <td>
          €2,018.82
        </td>
        <td>
          €1,954.69
        </td>
      </tr>
      <tr>
        <td>
          10
        </td>
        <td>
          €2,297.26
        </td>
        <td>
          €2,220.78
        </td>
        <td>
          €2,146.84
        </td>
      </tr>
      <tr>
        <td>
          11
        </td>
        <td>
          €2,510.15
        </td>
        <td>
          €2,422.92
        </td>
        <td>
          €2,338.73
        </td>
      </tr>
    </tbody>
  </table>
</div>
`;
